=== test_v16_regressions.py ===
{
  "scope": "Known-defect regression checks",
  "passed": 18,
  "tests": [
    "initial contamination recorded",
    "reinitialization cannot erase exposure",
    "different fingerprint rejected without overwrite",
    "freeze contaminated matrix remains contaminated",
    "same freeze idempotent",
    "different matrix rejected without overwrite",
    "fresh case allowed",
    "empty matrix rejected",
    "corrupted gate fails closed",
    "zero papers valid",
    "real nonzero PDF count valid",
    "wrong hash blocked",
    "wrong page count blocked",
    "full review without coverage blocked",
    "full declared review with coverage accepted",
    "missing PDF blocked",
    "duplicate source blocked",
    "historical validator accepts evidenced nonzero inventory"
  ],
  "independent_modeling_evaluation": "NOT_RUN"
}
=== test_v18_code_learning.py ===
{
  "scope": "v1.8 code/paper/figure learning regressions",
  "passed": 10,
  "tests": [
    "valid python passes syntax",
    "invalid python fails syntax",
    "data dependency found",
    "windows absolute path found",
    "plotting file found",
    "split-related file found",
    "GTeacher1 code card exists",
    "GTeacher2 code card exists",
    "GTeacher2 figure card exists",
    "supplemental sources indexed"
  ]
}
=== test_v19_training_regressions.py ===
{
  "status": "PASS",
  "passed": 16,
  "tests": [
    "S039 four questions",
    "S039 figure argumentation",
    "S040 four questions",
    "S040 figure argumentation",
    "S041 four questions",
    "S041 figure argumentation",
    "cross map Q1-Q4",
    "teacher code identity boundary",
    "two supplemental code cases",
    "GTeacher2 Q3 CORAL",
    "overlapping-window-split-leakage.json",
    "unlabeled-target-metric-overclaim.json",
    "preprocessing-before-split-leakage.json",
    "five evidence figure templates",
    "five nonempty smoke PNGs",
    "2025E papers core-reviewed metadata"
  ]
}
=== test_v110_regressions.py ===
{
  "status": "PASS",
  "scope": "v1.10 S002 learning regressions",
  "passed": 15,
  "tests": [
    "S002 four questions",
    "S002 figure index has 63 main-text figures",
    "S002 argumentation roles recorded",
    "S001-S002 cross map Q1-Q4",
    "paper-code-evaluation-split-mismatch.json",
    "aggregate-feasibility-overclaim.json",
    "pareto-operating-point-selection.json",
    "metric-definition-code-mismatch.json",
    "arithmetic-sanity-check.json",
    "prediction evidence template",
    "constraint validation template",
    "two nonempty v110 smoke PNGs",
    "S002 metadata core reviewed",
    "S002 all pages reviewed",
    "method selection reference exists"
  ]
}
=== test_v111_regressions.py ===
