=== test_v112_regressions.py ===
{
  "status": "PASS",
  "scope": "v1.12 S004 full-text and appendix audit regressions",
  "passed": 28,
  "tests": [
    "S004 four questions reviewed",
    "S004 ids 1-4",
    "S004 41 caption-like occurrences indexed",
    "S004 visual review honest pending",
    "S004 figure numbering/caption anomalies recorded",
    "S004 appendix audit Q1-Q4",
    "S004 not falsely reproduced",
    "Q3 objective implementation missing recorded",
    "Q4 cross-turbine state leakage recorded",
    "overlapping-window-cycle-double-counting.json",
    "entity-state-not-reset.json",
    "calibration-evaluation-same-data.json",
    "multi-metric-overall-win-overclaim.json",
    "unit-insensitive-event-threshold.json",
    "physical-parameter-semantic-substitution.json",
    "same problem map has four papers",
    "same problem map Q1-Q4",
    "group map points S001-S004",
    "group has 4 papers",
    "S004 train split retained",
    "S004 core reviewed metadata",
    "S004 all 59 pages reviewed",
    "S004 review linked",
    "S004 audit ref",
    "v1.12 state/metric gate in skill",
    "runtime latency template",
    "multi-metric tradeoff template",
    "two nonempty v112 smoke PNGs"
  ]
}
=== test_v113_regressions.py ===
{
  "status": "PASS",
  "scope": "v1.13 S005 full-text and printed appendix audit",
  "passed": 19,
  "tests": [
    "S005 reviewed",
    "S005 Q1-Q3",
    "S005 not falsely reproduced",
    "S005 four code audit findings",
    "S005 16 unique figures indexed",
    "grouped-experiment-split-leakage.json",
    "dbm-linear-power-domain.json",
    "noninjective-target-reconstruction.json",
    "regression-accuracy-pseudometric.json",
    "loss-input-contract-mismatch.json",
    "predictive-importance-causal-overclaim.json",
    "2024-B map retains S005",
    "2024-B group map linked",
    "S005 train retained",
    "S005 all 90 pages reviewed",
    "S005 review link",
    "S005 audit reference",
    "v1.13 WLAN gate in skill",
    "version at least 1.13"
  ]
}
=== test_v114_regressions.py ===
{
  "status": "PASS",
  "scope": "v1.14 S006 full-text and printed appendix audit",
  "passed": 24,
  "tests": [
    "S006 full review status",
    "S006 Q1-Q3",
    "S006 API smoke recorded",
    "S006 not falsely reproduced",
    "S006 code audit Q1-Q3",
    "S006 30 explicit figure captions",
    "S006 visual honesty",
    "target-encoding-before-split-leakage.json",
    "oversampling-before-split-leakage.json",
    "cascade-groundtruth-intermediate-mismatch.json",
    "posthoc-output-noise-as-robustness.json",
    "resampler-shape-contract.json",
    "2024-B S005/S006 remain reviewed",
    "2024-B Q1-Q3 map",
    "S006 train retained",
    "S006 all 104 pages reviewed",
    "S006 review linked",
    "S006 audit reference",
    "v1.14 OOF gate in skill",
    "selector integrates cascade gate",
    "cascade figure template",
    "resampling diagnostic template",
    "two v114 smoke figures",
    "version at least 1.14"
  ]
}
=== test_v115_regressions.py ===
{
  "status": "PASS",
  "scope": "v1.15 S007 full-text and printed appendix audit",
  "passed": 26,
  "tests": [
    "S007 full review status",
    "S007 113 pages",
    "S007 Q1-Q3",
    "S007 dBm-to-mW strength recorded",
    "S007 imbalance warning recorded",
    "S007 cross-section drift recorded",
    "S007 not falsely reproduced",
    "S007 code Q1-Q3",
    "S007 68 explicit figure captions",
    "S007 visual honesty",
    "independent-structured-label-decoding.json",
    "class-imbalance-accuracy-overclaim.json",
    "log-domain-rssi-aggregation.json",
    "cross-section-metric-drift.json",
    "2024-B historical S005-S007 retained",
    "2024-B group membership retained",
    "S007 train retained",
    "S007 all pages reviewed",
    "S007 review linked",
    "S007 audit reference",
    "v1.15 gate in skill",
    "selector structured label gate",
    "imbalance figure template",
    "structured pair template",
    "two v115 smoke figures",
    "version at least 1.15"
  ]
}
=== test_v116_regressions.py ===
{
  "status": "PASS",
  "scope": "v1.16 S008 full-text and printed appendix audit",
  "passed": 27,
  "tests": [
    "S008 full review status",
    "S008 69 pages",
    "S008 Q1-Q3",
    "S008 T1 warning",
    "S008 multi-interferer dBm warning",
    "S008 noninjective inverse warning",
    "S008 metric algebra warning",
    "S008 physics baseline recorded",
    "S008 not falsely reproduced",
    "S008 code Q1-Q3",
    "S008 64 explicit figure captions",
    "S008 visual honesty",
    "single-timestep-rnn-pseudosequence.json",
    "metric-algebra-sanity.json",
    "physics-baseline-before-blackbox.json",
    "2024-B four papers reviewed",
    "2024-B no pending",
    "2024-B final recommendation exists",
    "S008 train retained",
    "S008 all pages reviewed",
    "S008 review linked",
    "S008 code linked",
    "S008 figure linked",
    "S008 audit reference",
    "v1.16 gate in skill",
    "selector v1.16 gate",
    "version at least 1.16"
  ]
}
=== test_v117_regressions.py ===
{
  "status": "PASS",
  "scope": "v1.17 S009 full-text printed-appendix and Q5 fragment audit",
  "passed": 35,
  "tests": [
    "S009 full review status",
    "S009 71 pages",
    "S009 Q1-Q5",
    "S009 feature contract warning",
    "S009 held-out temperature warning",
    "S009 covariate confounding warning",
    "S009 parameter drift warning",
    "S009 claimed PSO mismatch",
    "S009 reported optimum outside domain",
    "S009 partial smoke honest",
    "S009 code Q1-Q5",
    "S009 Q5 smoke link",
    "S009 Q5 printed fragment smoke has result",
    "S009 figure captions indexed",
    "S009 table captions indexed",
    "S009 visual honesty",
    "feature-contract-train-inference-drift.json",
    "factor-analysis-covariate-confounding.json",
    "parameter-registry-transcription-drift.json",
    "optimization-result-outside-feasible-domain.json",
    "declared-method-not-implemented.json",
    "2024-C S009 reviewed",
    "2024-C S009 retained while later papers may progress",
    "2024-C all four declared",
    "S009 train retained",
    "S009 all pages reviewed",
    "S009 review linked",
    "S009 code linked",
    "S009 figure linked",
    "S009 audit reference",
    "v1.17 gate in skill",
    "selector v1.17 gate",
    "learning_output/analyses/v117_figure_template_smoke/01_adjusted_interaction.png",
    "learning_output/analyses/v117_figure_template_smoke/02_feasibility_replay.png",
    "version at least 1.17"
  ]
}
=== test_v118_regressions.py ===
{
  "status": "PASS",
  "scope": "v1.18 S010 full-text printed-appendix/category-contract audit",
  "passed": 39,
  "tests": [
    "S010 full review status",
    "S010 82 pages",
    "S010 Q1-Q5",
    "S010 Q2 unseen-condition warning",
    "S010 Q3 non-significance warning",
    "S010 Q4 transform mismatch",
    "S010 Q4 final path gap",
    "S010 Q4 sum mean mismatch",
    "S010 Q5 scale warning",
    "S010 Q5 encoder bug",
    "S010 Q5 GWO implementation gap",
    "S010 partial smoke honest",
    "S010 code Q1-Q5",
    "S010 smoke report linked",
    "S010 all 12 category pairs collapse",
    "S010 figure captions indexed",
    "S010 table captions indexed",
    "S010 visual honesty",
    "metric-name-direction-mismatch.json",
    "unnormalized-weighted-objective-scale-dominance.json",
    "computed-feature-not-used.json",
    "categorical-encoding-type-mismatch.json",
    "mean-sum-metric-mislabel.json",
    "2024-C S009 S010 reviewed",
    "2024-C S009 S010 retained while S012 may progress",
    "2024-C all four declared",
    "S010 train retained",
    "S010 all pages reviewed",
    "S010 review linked",
    "S010 code linked",
    "S010 figure linked",
    "S010 audit reference",
    "v1.18 gate in skill",
    "selector v1.18 gate",
    "learning_output/analyses/v118_figure_template_smoke/01_cv_generalization_units.png",
    "learning_output/analyses/v118_figure_template_smoke/02_objective_scale_audit.png",
    "learning_output/analyses/v118_figure_template_smoke/01_category_contract.png",
    "learning_output/analyses/v118_figure_template_smoke/02_scalarization_sensitivity.png",
    "version at least 1.18"
  ]
}
=== test_v119_regressions.py ===
{
  "status": "PASS",
  "scope": "v1.19 S011 full-text printed-appendix architecture/Pareto audit",
  "passed": 43,
  "tests": [
    "S011 full review",
    "S011 71 pages",
    "S011 Q1-Q5",
    "S011 Q1 nested screening risk",
    "S011 Q2 holdout risk",
    "S011 Q3 crosstab not interaction",
    "S011 Q4 architecture mismatch",
    "S011 Q4 feature dim mismatch",
    "S011 Q4 perturbation not generalization",
    "S011 Q5 endogenous preference",
    "S011 Q5 infeasible Bm",
    "S011 Q5 infeasible f",
    "S011 Q5 no code",
    "S011 Pareto concentration warning",
    "S011 partial run honest",
    "S011 code Q1-Q5",
    "S011 smoke linked",
    "S011 printed no LSTM",
    "S011 1033 vs 10 mismatch",
    "S011 two infeasible reported MOPSO",
    "S011 raw scalarization mismatch",
    "S011 Q5 implementation absent",
    "S011 43 figure ids",
    "S011 28 table ids",
    "S011 no pixel overclaim",
    "descriptive-crosstab-not-interaction.json",
    "architecture-name-implementation-mismatch.json",
    "perturbation-robustness-not-generalization.json",
    "endogenous-preference-weight.json",
    "pareto-visual-concentration-quality-overclaim.json",
    "test-statistic-pvalue-confusion.json",
    "S009 S010 S011 historical reviews retained",
    "S012 remains in 2024-C map and may progress",
    "S011 included all Q",
    "S011 remains train",
    "S011 all pages reviewed",
    "S011 links review/code/figure",
    "S011 audit reference",
    "v1.19 gates in skill",
    "v1.19 selector gates",
    "learning_output/analyses/v119_figure_template_smoke/01_interaction_evidence.png",
    "learning_output/analyses/v119_figure_template_smoke/02_pareto_feasibility.png",
    "version >=1.19"
  ]
}
