=== test_v120_regressions.py ===
{
  "status": "PASS",
  "scope": "v1.20 S012 full-text printed-appendix effect/mixed-optimization audit",
  "passed": 60,
  "tests": [
    "S012 full review",
    "S012 105 pages",
    "S012 train split",
    "S012 Q1-Q5",
    "S012 Q1 scaling leakage",
    "S012 Q2 leave-condition risk",
    "S012 Q3 intercept F transcription",
    "S012 Q3 F not effect size",
    "S012 Q3 multiple testing",
    "S012 Q3 order dependence",
    "S012 Q4 implementation evidence",
    "S012 Q4 grouped generalization risk",
    "S012 Q5 bound drift",
    "S012 Q5 mixed discrete risk",
    "S012 Q5 lambda replay",
    "S012 partial run honest",
    "S012 code Q1-Q5",
    "S012 smoke linked",
    "S012 paper f lower 50000",
    "S012 code f lower 5000",
    "S012 reported lambda1 point infeasible",
    "S012 lambda 10/100 swapped by replay",
    "S012 printed lambda selects 100",
    "S012 explicit interaction visible",
    "S012 F transcription smoke",
    "S012 no multiplicity correction",
    "S012 27 canonical figures",
    "S012 38 tables",
    "S012 no pixel overclaim",
    "learning_output/analyses/v120_figure_template_smoke/01_effect_size_corrected_tests.png",
    "learning_output/analyses/v120_figure_template_smoke/02_domain_feasibility_replay.png",
    "learning_output/analyses/v120_figure_template_smoke/03_scalarized_objective_replay.png",
    "f-statistic-as-effect-size.json",
    "multiple-testing-without-correction.json",
    "sequential-pairwise-tournament-order-dependence.json",
    "mixed-variable-continuous-relaxation.json",
    "domain-registry-paper-code-bound-drift.json",
    "scalarized-objective-table-replay-failure.json",
    "2024-C all four reviewed",
    "2024-C no pending",
    "S012 included all Q",
    "S012 remains train registry",
    "S012 all pages reviewed",
    "S012 links review/code/figure",
    "S013 not reviewed by v1.20",
    "S014 not reviewed by v1.20",
    "S015 not reviewed by v1.20",
    "S016 not reviewed by v1.20",
    "S021 not reviewed by v1.20",
    "S022 not reviewed by v1.20",
    "S023 not reviewed by v1.20",
    "S024 not reviewed by v1.20",
    "S037 not reviewed by v1.20",
    "S038 not reviewed by v1.20",
    "S012 audit reference",
    "v1.20 gates in skill",
    "v1.20 selector gates",
    "S017 progressed or remains next",
    "dev S013-S016 held",
    "version >=1.20"
  ]
}
=== test_v121_regressions.py ===
{
  "status": "PASS",
  "scope": "v1.21 S017 traffic time/unit/intervention audit",
  "passed": 57,
  "tests": [
    "S017 full review",
    "S017 84 pages",
    "S017 train split",
    "S017 Q1-Q4",
    "S017 temporal leakage identified",
    "S017 relative density calibration risk",
    "S017 Greenberg parameter mismatch",
    "S017 prediction plot alignment risk",
    "S017 LSTM implementation not visible",
    "S017 selected positive validation risk",
    "S017 association intervention risk",
    "S017 multipliers as assumptions",
    "S017 Q4 dimensional risk",
    "S017 static-only run honest",
    "S017 visible CV code",
    "S017 no visible LSTM code",
    "S017 hard path dependencies",
    "S017 paper/code Greenberg mismatch smoke",
    "S017 density unit not verified",
    "S017 window split leakage smoke",
    "S017 plot alignment smoke",
    "S017 selected event validation smoke",
    "S017 multiplier not treatment estimate",
    "S017 LSTM visibility false",
    "S017 48 figure ids",
    "S017 6 table ids",
    "S017 no pixel overclaim",
    "learning_output/analyses/v121_figure_template_smoke/01_temporal_window_split.png",
    "learning_output/analyses/v121_figure_template_smoke/02_proxy_physical_calibration.png",
    "learning_output/analyses/v121_figure_template_smoke/03_intervention_evidence_ladder.png",
    "proxy-to-physical-calibration-mismatch.json",
    "selected-positive-examples-validation.json",
    "association-to-intervention-overclaim.json",
    "dimensionally-inconsistent-state-update.json",
    "assumed-treatment-multiplier-as-evidence.json",
    "2024-E map four papers",
    "2024-E S017 remains reviewed",
    "2024-E S020 remains train",
    "S017 registry train",
    "S017 all pages reviewed",
    "S017 asset links",
    "S013 remains unread at v1.21",
    "S014 remains unread at v1.21",
    "S015 remains unread at v1.21",
    "S016 remains unread at v1.21",
    "S021 remains unread at v1.21",
    "S022 remains unread at v1.21",
    "S023 remains unread at v1.21",
    "S024 remains unread at v1.21",
    "S037 remains unread at v1.21",
    "S038 remains unread at v1.21",
    "2024-E retrieval map registered",
    "v1.21 gates in skill",
    "v1.21 selector gates",
    "learning state has advanced beyond v1.21",
    "S017 history preserved",
    "version >=1.21"
  ]
}
=== test_v122_regressions.py ===
{
  "status": "PASS",
  "scope": "v1.22 S018 frame/time/metric/threshold/intervention/placement audit",
  "passed": 72,
  "tests": [
    "S018 full review",
    "S018 81 pages",
    "S018 train split",
    "S018 Q1-Q4",
    "S018 10x timebase risk",
    "S018 25 vs 33 aggregation",
    "S018 temporal count density risk",
    "S018 single timestep risk",
    "S018 undefined attention W",
    "S018 metric algebra risk",
    "S018 warning code drift",
    "S018 threshold boolean drift",
    "S018 threshold timebase risk",
    "S018 transportability risk",
    "S018 metric semantic risk",
    "S018 speed percent replay risk",
    "S018 q4 variable mismatch",
    "S018 q4 normalization weights missing",
    "S018 surrogate validation risk",
    "S018 static replay honest",
    "S018 Q1 visible fragments",
    "S018 Q2 appendix mismatch",
    "S018 Q3 no complete executable",
    "S018 Q4 no Kriging GA code",
    "S018 smoke 25 vs33",
    "S018 smoke 10x real time",
    "S018 smoke warning drift",
    "S018 smoke metric point3 valid",
    "S018 smoke metric point4 invalid",
    "S018 smoke percentage replay",
    "S018 smoke sequence length1",
    "S018 smoke appendix mismatch",
    "S018 smoke decision variable mismatch",
    "S018 smoke Eq47 semantics",
    "S018 smoke q4 scalarization not replayable",
    "S018 53 figures",
    "S018 10 tables",
    "S018 no pixel overclaim",
    "learning_output/analyses/v122_figure_template_smoke/01_metric_algebra_replay.png",
    "learning_output/analyses/v122_figure_template_smoke/02_percentage_change_replay.png",
    "learning_output/analyses/v122_figure_template_smoke/03_appendix_evidence_coverage.png",
    "frame-aggregation-paper-code-mismatch.json",
    "temporal-count-spatial-density-confusion.json",
    "threshold-boolean-policy-drift.json",
    "percentage-change-denominator-error.json",
    "appendix-section-method-mismatch.json",
    "optimization-variable-task-mismatch.json",
    "sensor-placement-benefit-mediation-gap.json",
    "accelerated-video-timebase-unit-drift.json",
    "metric-formula-variable-semantic-mismatch.json",
    "cross-site-counterfactual-transportability-gap.json",
    "surrogate-optimizer-without-surrogate-validation.json",
    "2024-E S017 S018 reviewed",
    "2024-E S017 S018 preserved",
    "S018 registry reviewed",
    "S018 asset links",
    "S013 protected unread",
    "S014 protected unread",
    "S015 protected unread",
    "S016 protected unread",
    "S021 protected unread",
    "S022 protected unread",
    "S023 protected unread",
    "S024 protected unread",
    "S037 protected unread",
    "S038 protected unread",
    "S020 stays train",
    "S018 audit reference",
    "v1.22 gates in skill",
    "v1.22 selector gates",
    "learning state advanced past S018",
    "version >=1.22"
  ]
}
=== test_v123_regressions.py ===
{
  "status": "PASS",
  "scope": "v1.23 S019 algebra/regression/control/intervention/layout audit",
  "passed": 64,
  "tests": [
    "S019 full review",
    "S019 60 pages",
    "S019 train split",
    "S019 Q1-Q4",
    "S019 algebra inverse risk",
    "S019 unit contract risk",
    "S019 regression row replay risk",
    "S019 threshold result drift",
    "S019 temporal split risk",
    "S019 importance causal boundary",
    "S019 density unit drift",
    "S019 hysteresis route",
    "S019 qmax calibration risk",
    "S019 30pct scenario risk",
    "S019 sign reversal risk",
    "S019 heuristic placement risk",
    "S019 appendix list only",
    "S019 appendix 16 artifacts",
    "S019 no source split audit",
    "S019 no placement optimization code",
    "S019 smoke traffic unit mismatch",
    "S019 smoke algebra inverse",
    "S019 smoke regression mismatch",
    "S019 smoke threshold drift",
    "S019 smoke qmax mismatch",
    "S019 smoke 48.3 replay valid",
    "S019 smoke inventory sign mismatch",
    "S019 smoke scenario only",
    "S019 smoke policy weights unvalidated",
    "S019 smoke sensor dependency break",
    "S019 smoke appendix unavailable",
    "S019 smoke split provenance incomplete",
    "S019 52 figures",
    "S019 11 tables",
    "S019 no pixel overclaim",
    "learning_output/analyses/v123_figure_template_smoke/01_equation_algebra_replay.png",
    "learning_output/analyses/v123_figure_template_smoke/02_regression_row_replay.png",
    "learning_output/analyses/v123_figure_template_smoke/03_intervention_evidence_level.png",
    "derived-equation-algebra-mismatch.json",
    "regression-equation-scale-impossibility.json",
    "cross-table-timestamp-drift.json",
    "assumed-capacity-multiplier-as-intervention-evidence.json",
    "heuristic-sensor-relocation-without-optimization.json",
    "2024-E S017-S019 preserved",
    "2024-E map still contains S020",
    "cross has S019 Q1",
    "S019 registry reviewed",
    "S019 asset links",
    "S013 protected unread",
    "S014 protected unread",
    "S015 protected unread",
    "S016 protected unread",
    "S021 protected unread",
    "S022 protected unread",
    "S023 protected unread",
    "S024 protected unread",
    "S037 protected unread",
    "S038 protected unread",
    "S020 remains train",
    "S019 audit reference",
    "v1.23 gates in skill",
    "v1.23 selector gates",
    "S019 history preserved",
    "version >=1.23"
  ]
}
=== test_v124_regressions.py ===
{
  "status": "PASS",
  "scope": "v1.24 S020 target leakage / counterfactual / worst-group / layout audit",
  "passed": 52,
  "tests": [
    "S020 full review",
    "S020 78 pages",
    "S020 train split",
    "S020 Q1-Q4",
    "target leakage risk",
    "global scaler leakage risk",
    "T1 risk",
    "SKNet drift",
    "worst group negative R2",
    "shockwave time sign",
    "Greenshields replay",
    "79.72 claim replay",
    "utilization claim replay",
    "layout heuristic boundary",
    "printed appendix boundary",
    "Q2 no state machine",
    "Q3 no sim code",
    "Q4 no optimizer code",
    "S020 curated 43 figures",
    "S020 28 table labels",
    "S020 no pixel overclaim",
    "learning_output/analyses/v124_figure_template_smoke/01_leakage_contract.png",
    "learning_output/analyses/v124_figure_template_smoke/02_greenshields_replay.png",
    "learning_output/analyses/v124_figure_template_smoke/03_claim_recalculation.png",
    "target-feature-identity-leakage.json",
    "single-timestep-sequence-model.json",
    "architecture-name-implementation-drift.json",
    "worst-group-metric-ignored.json",
    "model-state-counterfactual-inconsistency.json",
    "cross-domain-template-contamination.json",
    "heuristic-layout-presented-as-optimization.json",
    "2024E all four reviewed",
    "2024E none pending",
    "2024E final route",
    "S020 registry reviewed",
    "S013 protected unread",
    "S014 protected unread",
    "S015 protected unread",
    "S016 protected unread",
    "S021 protected unread",
    "S022 protected unread",
    "S023 protected unread",
    "S024 protected unread",
    "S037 protected unread",
    "S038 protected unread",
    "45 paper inventory",
    "32/7/6 split",
    "S020 audit reference",
    "v1.24 gates in skill",
    "v1.24 selector gates",
    "S025 next",
    "version >=1.24"
  ]
}
=== test_v125_regressions.py ===
{
  "status": "PASS",
  "scope": "v1.25 MathModel-Core protocol + S025 first full-schema case",
  "passed": 58,
  "tests": [
    "MathModel-Core identity",
    "no role split current",
    "schema mathmodel_core_question_schema_v1.json",
    "schema reproduction_levels_v1.json",
    "schema result_registry_schema_v1.json",
    "schema method_composer_contract_v1.json",
    "schema figure_decision_rule_schema_v1.json",
    "S025 core identity",
    "S025 schema 1.0",
    "S025 R2",
    "visual separate",
    "independent unit graph",
    "not fake train test",
    "Q1 competition roles",
    "Q1 baseline nonempty",
    "Q1 alternatives",
    "Q2 competition roles",
    "Q2 baseline nonempty",
    "Q2 alternatives",
    "Q3 competition roles",
    "Q3 baseline nonempty",
    "Q3 alternatives",
    "Q1 no auto deep RL",
    "Q3 epsilon baseline",
    "S025 result ref",
    "S025 module ref",
    "result registry schema",
    "Q3 feasible 4/6",
    "hard-cap bad cases",
    "only Matmul0 time improves",
    "registry validator ran",
    "known sign mismatch caught",
    "transfer modules >=4",
    "composition 7 gates resolved",
    "S025 retained in figure-rule basis",
    "figure rules fields",
    "legacy coverage keeps at least v125 cards",
    "S025 current schema",
    "legacy not auto rewritten",
    "S025 reviewed all pages",
    "S025 R2 registry",
    "45 papers",
    "32/7/6",
    "S021 protected unread",
    "S022 protected unread",
    "S023 protected unread",
    "S024 protected unread",
    "S030 protected unread",
    "S031 protected unread",
    "S037 protected unread",
    "S038 protected unread",
    "S029 documented Dev exposure",
    "no role dir mathmodel-master",
    "no role dir mathmodel-architect",
    "no role dir mathmodel-engineer",
    "no role dir mathmodel-writer",
    "no role dir mathmodel-reviewer",
    "version >=1.25"
  ]
}
=== test_v126_regressions.py ===
{
  "status": "PASS",
  "scope": "v1.26 MathModel-Core S026 full protocol",
  "passed": 69,
  "tests": [
    "version >=1.26",
    "MathModel-Core identity retained",
    "role split still prohibited",
    "S026 train",
    "S026 98 pages",
    "S026 R2",
    "S026 visual separate",
    "S026 combinatorial split N/A",
    "S026 shared evaluator recommendation",
    "Q1 competition roles",
    "Q1 six-hour baseline",
    "Q1 >=2 alternatives",
    "Q2 competition roles",
    "Q2 six-hour baseline",
    "Q2 >=2 alternatives",
    "Q3 competition roles",
    "Q3 six-hour baseline",
    "Q3 >=2 alternatives",
    "Q1 deterministic baseline",
    "Q2 lifecycle baseline",
    "Q3 epsilon baseline",
    "code finding Q1_PRIORITY_FEATURE_DRIFT",
    "code finding Q1_TABU_TOKENIZATION",
    "code finding Q2_QUANTUM_PRIMITIVES_DEAD",
    "code finding Q2_UNNORMALIZED_MIXED_OBJECTIVE",
    "code finding Q2_GLOBALBEST_DESYNC",
    "code finding Q3_SPILL_COST_FORMULA_DRIFT",
    "code finding Q3_IMPLEMENTATION_ABSENT",
    "code finding Q3_HARD_CAP_NOT_FORMALIZED",
    "R3 explicitly blocked",
    "Q1 six workloads",
    "Q1 S026 never beats S025",
    "Q1 Conv0 worse by 6932",
    "Q2 six workloads",
    "Q2 S026 transfer higher all six",
    "Q3 six rows",
    "Q3 transfer formula inconsistent",
    "S026 registry validator",
    "S026 transferable modules >=4",
    "composer adapter decision",
    "composer blocks fake QPSO",
    "composer blocks DPEA mainline",
    "figure rules preserve S025 S026",
    "Pareto actual plot required",
    "2025A preserves reviewed S025 S026",
    "2025A preserves S025-S026 knowledge",
    "2025A map status valid",
    "error pattern priority-feature-paper-code-drift.json",
    "error pattern algorithm-defining-primitives-dead-code.json",
    "error pattern global-best-state-score-desynchronization.json",
    "error pattern cross-question-objective-definition-drift.json",
    "error pattern metaheuristic-without-matched-budget-baseline.json",
    "45 papers",
    "32/7/6 split",
    "S026 all pages reviewed",
    "S026 registry R2",
    "S027 remains train",
    "S028 remains train",
    "S029 dev protected by boundary",
    "S030 dev protected unread",
    "S031 dev protected unread",
    "S021 test protected unread",
    "S022 test protected unread",
    "S023 test protected unread",
    "S024 test protected unread",
    "S037 test protected unread",
    "S038 test protected unread",
    "state preserves S026-or-later",
    "mini transfer protocol preserved"
  ]
}
=== test_v127_regressions.py ===
{
  "status": "PASS",
  "scope": "v1.27 MathModel-Core S027 upgraded protocol",
  "passed": 83,
  "tests": [
    "version >=1.27",
    "MathModel-Core retained",
    "v127 rules present",
    "S027 train",
    "S027 120 pages",
    "S027 R2",
    "S027 visual separate",
    "S027 combinatorial split N/A",
    "Q1 competition roles",
    "Q1 six hour baseline",
    "Q1 alternatives",
    "Q2 competition roles",
    "Q2 six hour baseline",
    "Q2 alternatives",
    "Q3 competition roles",
    "Q3 six hour baseline",
    "Q3 alternatives",
    "Q1 Kahn baseline",
    "Q2 lifetime baseline",
    "Q3 epsilon baseline",
    "code finding Q1_CORE_HELPERS_MISSING",
    "code finding Q1_AVERAGE_SEMANTICS_DRIFT",
    "code finding Q2_ALLOCATOR_NAME_DRIFT",
    "code finding Q2_SPILL_DIRECTION_DRIFT",
    "code finding Q2_MAIN_MISSING",
    "code finding Q2_RESULT_AGGREGATION_PROVENANCE",
    "code finding Q3_CAP_PARAMETER_DRIFT",
    "code finding Q3_BASELINE_SOURCE_DRIFT",
    "code finding Q3_OPTIMIZER_CORE_MISSING",
    "code finding Q3_SIGN_CONVENTION_DRIFT",
    "code finding Q3_MULTI_SEQUENCE_LABEL_EVIDENCE_GAP",
    "R3 blockers",
    "Q1 aggregate matches 89.2",
    "Q1 macro is not 89.2",
    "Q1 S027 between S025 S026 Conv0",
    "Q2 six workload rows",
    "Q2 aggregation unresolved",
    "Q2 total traffic 206832",
    "Q2 mean traffic 34472",
    "Q3 cycle replay",
    "Q3 traffic replay",
    "Q3 15pct feasible",
    "Q3 10pct violation",
    "Q3 sign drift caught",
    "Q3 Conv0 baseline drift",
    "registry validator",
    "transferable modules >=5",
    "composer retains 2025A contract",
    "composer compatibility 7 dimensions",
    "composer blocks S027 spill",
    "map preserves S025-S027",
    "S028 legal map transition",
    "map status progresses",
    "S027 Q1 map present",
    "S027 Q2 map present",
    "S027 Q3 map present",
    "figure basis preserves S025-S027",
    "macro vs aggregate figure rule",
    "exact gap figure rule",
    "error aggregate-vs-case-average-semantic-drift.json",
    "error allocator-name-bestfit-firstfit-drift.json",
    "error spill-victim-direction-paper-code-drift.json",
    "error optimizer-core-helper-missing.json",
    "error hard-cap-parameter-cross-section-drift.json",
    "error baseline-result-source-drift.json",
    "error reported-improvement-sign-convention-drift.json",
    "error multi-instance-coordination-label-with-single-instance-code.json",
    "45 papers",
    "32 7 6 split",
    "S027 all pages reviewed",
    "S027 R2 registry",
    "S028 remains train",
    "S029 dev protected",
    "S030 dev protected",
    "S031 dev protected",
    "S021 test protected",
    "S022 test protected",
    "S023 test protected",
    "S024 test protected",
    "S037 test protected",
    "S038 test protected",
    "state preserves S027-or-later",
    "next-learning protocol retained"
  ]
}
=== test_v128_regressions.py ===
{
  "status": "PASS",
  "scope": "v1.28 MathModel-Core S028 + 2025-A group Mini Transfer",
  "passed": 129,
  "tests": [
    "version >=1.28",
    "MathModel-Core identity",
    "v128 rules present",
    "mini transfer failure history rule",
    "dev not train absorption rule",
    "S028 paper id",
    "S028 train split",
    "S028 77 pages",
    "S028 Core schema",
    "S028 R2",
    "visual separate",
    "visual all pages",
    "R3 explicitly blocked",
    "redo uses result registry",
    "Q1 has problem essence",
    "Q1 has IO contract",
    "Q1 has baseline",
    "Q1 six hour >=4",
    "Q1 author route",
    "Q1 alternatives >=3",
    "Q1 not recommended",
    "Q1 switch conditions",
    "Q2 has problem essence",
    "Q2 has IO contract",
    "Q2 has baseline",
    "Q2 six hour >=4",
    "Q2 author route",
    "Q2 alternatives >=3",
    "Q2 not recommended",
    "Q2 switch conditions",
    "Q3 has problem essence",
    "Q3 has IO contract",
    "Q3 has baseline",
    "Q3 six hour >=4",
    "Q3 author route",
    "Q3 alternatives >=3",
    "Q3 not recommended",
    "Q3 switch conditions",
    "Q1 Kahn baseline",
    "Q2 deficit-aware baseline",
    "Q3 epsilon baseline",
    "code finding Q1_MINPEAK_ALLOC_PRIORITY_DIRECTION",
    "code finding Q1_LATEALLOC_LARGE_ALLOC_DIRECTION",
    "code finding Q1_TABU_ITERATION_COMMENT_DRIFT",
    "code finding Q1_COMPLEXITY_NOTATION_MISUSE",
    "code finding Q2_TABLE14_TABLE16_PROVENANCE_GAP",
    "code finding Q2_OBJECTIVE_SEMANTIC_DRIFT",
    "code finding Q2_VNSA_CORE_PRIMITIVES_INCOMPLETE",
    "code finding Q2_SPILL_TIME_PROXY",
    "code finding Q3_NAGA_NSAG_NAME_DRIFT",
    "code finding Q3_CAP_CONTRACT_DRIFT",
    "code finding Q3_BASELINE_SOURCE_DRIFT",
    "code finding Q3_LEXICOGRAPHIC_SELECTION_DRIFT",
    "code finding Q3_FA0_TIME_SCALE_DRIFT",
    "code finding Q3_GP_TREE_RECONSTRUCTION_IGNORES_SOLUTION",
    "code finding Q3_RANDOM_PERMUTATION_FEASIBILITY_GAP",
    "R3 blockers >=3",
    "Q1 final equals EarlyFree",
    "Q1 consistency pass",
    "Q2 six rows",
    "Q2 FA1 visible min 54720",
    "Q2 FA1 final 33792",
    "Q2 FA1 provenance unresolved",
    "Q2 objective semantic drift",
    "Q3 cap unresolved",
    "Q3 Conv0 q2 final 230496",
    "Q3 Conv0 table21 242072",
    "Q3 Conv0 replay 10.4496",
    "Q3 paper reported 14.73",
    "Q3 FA0 expected MOPSO",
    "Q3 FA0 inferred NSGA",
    "Q3 FA0 mismatch",
    "Q3 FA0 table20 time 201731",
    "Q3 FA0 table21 time 2017",
    "map final status",
    "four reviewed",
    "no pending",
    "final routes present",
    "Q1 final competition",
    "Q2 final competition",
    "Q3 final competition",
    "mini transfer linked",
    "composer final",
    "composer 7 compatibility",
    "composer mini done",
    "composer blocks provenance",
    "figure rules final",
    "figure basis four",
    "figure rules >=6",
    "pareto hard cap figure",
    "result registry figure",
    "mini no dev solution exposure",
    "mini overall pass after revision",
    "Q1 enumerated 15400",
    "Q1 exact 7",
    "Q1 old 13",
    "Q1 revised 7",
    "Q1 old worse",
    "Q1 revised exact",
    "Q2 naive 16",
    "Q2 exact 12",
    "Q2 exact victim A",
    "Q3 selects A",
    "Q3 rejects B",
    "mini does not raise S028 R7",
    "45 papers",
    "32 7 6 split",
    "S028 registry R2",
    "S028 all 77 reviewed",
    "S029 Dev protected",
    "S030 Dev protected",
    "S031 Dev protected",
    "all test unread",
    "state v128-or-later",
    "S028 historical review preserved",
    "S028 historical R2 preserved",
    "next-stage protocol retained",
    "test remains frozen",
    "error heap-priority-sign-direction-drift.json",
    "error asymptotic-complexity-concrete-O-misuse.json",
    "error result-provenance-row-not-in-source-table.json",
    "error objective-semantic-drift-across-section.json",
    "error pareto-operating-point-rule-drift.json",
    "error baseline-source-mixed-across-final-table.json",
    "error table-scale-two-orders-drift.json",
    "error loaded-solution-replaced-by-random-state.json",
    "Core identity in review",
    "final map mini no pending",
    "reproduction visual separate explicit"
  ]
}
