test_v16_regressions.py :: PASS
{
  "scope": "Known-defect regression checks",
  "passed": 18,
  "tests": [
    "initial contamination recorded",
    "reinitialization cannot erase exposure",
    "different fingerprint rejected without overwrite",
    "freeze contaminated matrix remains contaminated",
    "same freeze idempotent",
    "different matrix rejected without overwrite",
    "fresh case allowed",
    "empty matrix rejected",
    "corrupted gate fails closed",
    "zero papers valid",
    "real nonzero PDF count valid",
    "wrong hash blocked",
    "wrong page count blocked",
    "full review without coverage blocked",
    "full declared review with coverage accepted",
    "missing PDF blocked",
    "duplicate source blocked",
    "historical validator accepts evidenced nonzero inventory"
  ],
  "independent_modeling_evaluation": "NOT_RUN"
}

test_v18_code_learning.py :: PASS
{
  "scope": "v1.8 code/paper/figure learning regressions",
  "passed": 10,
  "tests": [
    "valid python passes syntax",
    "invalid python fails syntax",
    "data dependency found",
    "windows absolute path found",
    "plotting file found",
    "split-related file found",
    "GTeacher1 code card exists",
    "GTeacher2 code card exists",
    "GTeacher2 figure card exists",
    "supplemental sources indexed"
  ]
}

test_v19_training_regressions.py :: PASS
{
  "status": "PASS",
  "passed": 16,
  "tests": [
    "S039 four questions",
    "S039 figure argumentation",
    "S040 four questions",
    "S040 figure argumentation",
    "S041 four questions",
    "S041 figure argumentation",
    "cross map Q1-Q4",
    "teacher code identity boundary",
    "two supplemental code cases",
    "GTeacher2 Q3 CORAL",
    "overlapping-window-split-leakage.json",
    "unlabeled-target-metric-overclaim.json",
    "preprocessing-before-split-leakage.json",
    "five evidence figure templates",
    "five nonempty smoke PNGs",
    "2025E papers core-reviewed metadata"
  ]
}

test_v110_regressions.py :: PASS
{
  "status": "PASS",
  "scope": "v1.10 S002 learning regressions",
  "passed": 15,
  "tests": [
    "S002 four questions",
    "S002 figure index has 63 main-text figures",
    "S002 argumentation roles recorded",
    "S001-S002 cross map Q1-Q4",
    "paper-code-evaluation-split-mismatch.json",
    "aggregate-feasibility-overclaim.json",
    "pareto-operating-point-selection.json",
    "metric-definition-code-mismatch.json",
    "arithmetic-sanity-check.json",
    "prediction evidence template",
    "constraint validation template",
    "two nonempty v110 smoke PNGs",
    "S002 metadata core reviewed",
    "S002 all pages reviewed",
    "method selection reference exists"
  ]
}

test_v111_regressions.py :: PASS
{
  "status": "PASS",
  "scope": "v1.11 S003 full-text and appendix audit regressions",
  "passed": 27,
  "tests": [
    "S003 four questions reviewed",
    "S003 question ids 1-4",
    "S003 42 caption occurrences indexed",
    "S003 visual audit honestly pending source PDF",
    "S003 numbering anomalies recorded",
    "S003 appendix audit covers Q1-Q4",
    "S003 appendix not falsely marked reproduced",
    "S003 Q3 major mismatch recorded",
    "S003 Q4 major mismatch recorded",
    "declared-method-not-implemented.json",
    "scipy-ineq-sign-convention.json",
    "physical-feature-scaling-unit-break.json",
    "mpc-label-without-horizon.json",
    "robustness-single-severity-overclaim.json",
    "S001-S003 cross map has three same-problem papers",
    "S001-S003 cross map Q1-Q4",
    "2024-A group map still represents reviewed S001-S003+",
    "2024-A group map contains S001-S003",
    "Pareto selected-point template available",
    "robustness severity template available",
    "two nonempty v111 smoke PNGs",
    "S003 train split retained",
    "S003 metadata core reviewed",
    "S003 all 73 pages reviewed",
    "S003 review file linked",
    "S003 paper-code audit reference exists",
    "v1.11 implementation-evidence gate in Skill"
  ]
}

test_v112_regressions.py :: PASS
{
  "status": "PASS",
  "scope": "v1.12 S004 full-text and appendix audit regressions",
  "passed": 28,
  "tests": [
    "S004 four questions reviewed",
    "S004 ids 1-4",
    "S004 41 caption-like occurrences indexed",
    "S004 visual review honest pending",
    "S004 figure numbering/caption anomalies recorded",
    "S004 appendix audit Q1-Q4",
    "S004 not falsely reproduced",
    "Q3 objective implementation missing recorded",
    "Q4 cross-turbine state leakage recorded",
    "overlapping-window-cycle-double-counting.json",
    "entity-state-not-reset.json",
    "calibration-evaluation-same-data.json",
    "multi-metric-overall-win-overclaim.json",
    "unit-insensitive-event-threshold.json",
    "physical-parameter-semantic-substitution.json",
    "same problem map has four papers",
    "same problem map Q1-Q4",
    "group map points S001-S004",
    "group has 4 papers",
    "S004 train split retained",
    "S004 core reviewed metadata",
    "S004 all 59 pages reviewed",
    "S004 review linked",
    "S004 audit ref",
    "v1.12 state/metric gate in skill",
    "runtime latency template",
    "multi-metric tradeoff template",
    "two nonempty v112 smoke PNGs"
  ]
}

test_v113_regressions.py :: PASS
{
  "status": "PASS",
  "scope": "v1.13 S005 full-text and printed appendix audit",
  "passed": 19,
  "tests": [
    "S005 reviewed",
    "S005 Q1-Q3",
    "S005 not falsely reproduced",
    "S005 four code audit findings",
    "S005 16 unique figures indexed",
    "grouped-experiment-split-leakage.json",
    "dbm-linear-power-domain.json",
    "noninjective-target-reconstruction.json",
    "regression-accuracy-pseudometric.json",
    "loss-input-contract-mismatch.json",
    "predictive-importance-causal-overclaim.json",
    "2024-B map retains S005",
    "2024-B group map linked",
    "S005 train retained",
    "S005 all 90 pages reviewed",
    "S005 review link",
    "S005 audit reference",
    "v1.13 WLAN gate in skill",
    "version at least 1.13"
  ]
}

test_v114_regressions.py :: PASS
{
  "status": "PASS",
  "scope": "v1.14 S006 full-text and printed appendix audit",
  "passed": 24,
  "tests": [
    "S006 full review status",
    "S006 Q1-Q3",
    "S006 API smoke recorded",
    "S006 not falsely reproduced",
    "S006 code audit Q1-Q3",
    "S006 30 explicit figure captions",
    "S006 visual honesty",
    "target-encoding-before-split-leakage.json",
    "oversampling-before-split-leakage.json",
    "cascade-groundtruth-intermediate-mismatch.json",
    "posthoc-output-noise-as-robustness.json",
    "resampler-shape-contract.json",
    "2024-B S005/S006 remain reviewed",
    "2024-B Q1-Q3 map",
    "S006 train retained",
    "S006 all 104 pages reviewed",
    "S006 review linked",
    "S006 audit reference",
    "v1.14 OOF gate in skill",
    "selector integrates cascade gate",
    "cascade figure template",
    "resampling diagnostic template",
    "two v114 smoke figures",
    "version at least 1.14"
  ]
}

test_v115_regressions.py :: PASS
{
  "status": "PASS",
  "scope": "v1.15 S007 full-text and printed appendix audit",
  "passed": 26,
  "tests": [
    "S007 full review status",
    "S007 113 pages",
    "S007 Q1-Q3",
    "S007 dBm-to-mW strength recorded",
    "S007 imbalance warning recorded",
    "S007 cross-section drift recorded",
    "S007 not falsely reproduced",
    "S007 code Q1-Q3",
    "S007 68 explicit figure captions",
    "S007 visual honesty",
    "independent-structured-label-decoding.json",
    "class-imbalance-accuracy-overclaim.json",
    "log-domain-rssi-aggregation.json",
    "cross-section-metric-drift.json",
    "2024-B historical S005-S007 retained",
    "2024-B group membership retained",
    "S007 train retained",
    "S007 all pages reviewed",
    "S007 review linked",
    "S007 audit reference",
    "v1.15 gate in skill",
    "selector structured label gate",
    "imbalance figure template",
    "structured pair template",
    "two v115 smoke figures",
    "version at least 1.15"
  ]
}

test_v116_regressions.py :: PASS
{
  "status": "PASS",
  "scope": "v1.16 S008 full-text and printed appendix audit",
  "passed": 27,
  "tests": [
    "S008 full review status",
    "S008 69 pages",
    "S008 Q1-Q3",
    "S008 T1 warning",
    "S008 multi-interferer dBm warning",
    "S008 noninjective inverse warning",
    "S008 metric algebra warning",
    "S008 physics baseline recorded",
    "S008 not falsely reproduced",
    "S008 code Q1-Q3",
    "S008 64 explicit figure captions",
    "S008 visual honesty",
    "single-timestep-rnn-pseudosequence.json",
    "metric-algebra-sanity.json",
    "physics-baseline-before-blackbox.json",
    "2024-B four papers reviewed",
    "2024-B no pending",
    "2024-B final recommendation exists",
    "S008 train retained",
    "S008 all pages reviewed",
    "S008 review linked",
    "S008 code linked",
    "S008 figure linked",
    "S008 audit reference",
    "v1.16 gate in skill",
    "selector v1.16 gate",
    "version at least 1.16"
  ]
}

test_v117_regressions.py :: PASS
{
  "status": "PASS",
  "scope": "v1.17 S009 full-text printed-appendix and Q5 fragment audit",
  "passed": 35,
  "tests": [
    "S009 full review status",
    "S009 71 pages",
    "S009 Q1-Q5",
    "S009 feature contract warning",
    "S009 held-out temperature warning",
    "S009 covariate confounding warning",
    "S009 parameter drift warning",
    "S009 claimed PSO mismatch",
    "S009 reported optimum outside domain",
    "S009 partial smoke honest",
    "S009 code Q1-Q5",
    "S009 Q5 smoke link",
    "S009 Q5 printed fragment smoke has result",
    "S009 figure captions indexed",
    "S009 table captions indexed",
    "S009 visual honesty",
    "feature-contract-train-inference-drift.json",
    "factor-analysis-covariate-confounding.json",
    "parameter-registry-transcription-drift.json",
    "optimization-result-outside-feasible-domain.json",
    "declared-method-not-implemented.json",
    "2024-C S009 reviewed",
    "2024-C S009 retained while later papers may progress",
    "2024-C all four declared",
    "S009 train retained",
    "S009 all pages reviewed",
    "S009 review linked",
    "S009 code linked",
    "S009 figure linked",
    "S009 audit reference",
    "v1.17 gate in skill",
    "selector v1.17 gate",
    "learning_output/analyses/v117_figure_template_smoke/01_adjusted_interaction.png",
    "learning_output/analyses/v117_figure_template_smoke/02_feasibility_replay.png",
    "version at least 1.17"
  ]
}

test_v118_regressions.py :: PASS
{
  "status": "PASS",
  "scope": "v1.18 S010 full-text printed-appendix/category-contract audit",
  "passed": 39,
  "tests": [
    "S010 full review status",
    "S010 82 pages",
    "S010 Q1-Q5",
    "S010 Q2 unseen-condition warning",
    "S010 Q3 non-significance warning",
    "S010 Q4 transform mismatch",
    "S010 Q4 final path gap",
    "S010 Q4 sum mean mismatch",
    "S010 Q5 scale warning",
    "S010 Q5 encoder bug",
    "S010 Q5 GWO implementation gap",
    "S010 partial smoke honest",
    "S010 code Q1-Q5",
    "S010 smoke report linked",
    "S010 all 12 category pairs collapse",
    "S010 figure captions indexed",
    "S010 table captions indexed",
    "S010 visual honesty",
    "metric-name-direction-mismatch.json",
    "unnormalized-weighted-objective-scale-dominance.json",
    "computed-feature-not-used.json",
    "categorical-encoding-type-mismatch.json",
    "mean-sum-metric-mislabel.json",
    "2024-C S009 S010 reviewed",
    "2024-C S009 S010 retained while S012 may progress",
    "2024-C all four declared",
    "S010 train retained",
    "S010 all pages reviewed",
    "S010 review linked",
    "S010 code linked",
    "S010 figure linked",
    "S010 audit reference",
    "v1.18 gate in skill",
    "selector v1.18 gate",
    "learning_output/analyses/v118_figure_template_smoke/01_cv_generalization_units.png",
    "learning_output/analyses/v118_figure_template_smoke/02_objective_scale_audit.png",
    "learning_output/analyses/v118_figure_template_smoke/01_category_contract.png",
    "learning_output/analyses/v118_figure_template_smoke/02_scalarization_sensitivity.png",
    "version at least 1.18"
  ]
}

test_v119_regressions.py :: PASS
{
  "status": "PASS",
  "scope": "v1.19 S011 full-text printed-appendix architecture/Pareto audit",
  "passed": 43,
  "tests": [
    "S011 full review",
    "S011 71 pages",
    "S011 Q1-Q5",
    "S011 Q1 nested screening risk",
    "S011 Q2 holdout risk",
    "S011 Q3 crosstab not interaction",
    "S011 Q4 architecture mismatch",
    "S011 Q4 feature dim mismatch",
    "S011 Q4 perturbation not generalization",
    "S011 Q5 endogenous preference",
    "S011 Q5 infeasible Bm",
    "S011 Q5 infeasible f",
    "S011 Q5 no code",
    "S011 Pareto concentration warning",
    "S011 partial run honest",
    "S011 code Q1-Q5",
    "S011 smoke linked",
    "S011 printed no LSTM",
    "S011 1033 vs 10 mismatch",
    "S011 two infeasible reported MOPSO",
    "S011 raw scalarization mismatch",
    "S011 Q5 implementation absent",
    "S011 43 figure ids",
    "S011 28 table ids",
    "S011 no pixel overclaim",
    "descriptive-crosstab-not-interaction.json",
    "architecture-name-implementation-mismatch.json",
    "perturbation-robustness-not-generalization.json",
    "endogenous-preference-weight.json",
    "pareto-visual-concentration-quality-overclaim.json",
    "test-statistic-pvalue-confusion.json",
    "S009 S010 S011 historical reviews retained",
    "S012 remains in 2024-C map and may progress",
    "S011 included all Q",
    "S011 remains train",
    "S011 all pages reviewed",
    "S011 links review/code/figure",
    "S011 audit reference",
    "v1.19 gates in skill",
    "v1.19 selector gates",
    "learning_output/analyses/v119_figure_template_smoke/01_interaction_evidence.png",
    "learning_output/analyses/v119_figure_template_smoke/02_pareto_feasibility.png",
    "version >=1.19"
  ]
}

test_v120_regressions.py :: PASS
{
  "status": "PASS",
  "scope": "v1.20 S012 full-text printed-appendix effect/mixed-optimization audit",
  "passed": 60,
  "tests": [
    "S012 full review",
    "S012 105 pages",
    "S012 train split",
    "S012 Q1-Q5",
    "S012 Q1 scaling leakage",
    "S012 Q2 leave-condition risk",
    "S012 Q3 intercept F transcription",
    "S012 Q3 F not effect size",
    "S012 Q3 multiple testing",
    "S012 Q3 order dependence",
    "S012 Q4 implementation evidence",
    "S012 Q4 grouped generalization risk",
    "S012 Q5 bound drift",
    "S012 Q5 mixed discrete risk",
    "S012 Q5 lambda replay",
    "S012 partial run honest",
    "S012 code Q1-Q5",
    "S012 smoke linked",
    "S012 paper f lower 50000",
    "S012 code f lower 5000",
    "S012 reported lambda1 point infeasible",
    "S012 lambda 10/100 swapped by replay",
    "S012 printed lambda selects 100",
    "S012 explicit interaction visible",
    "S012 F transcription smoke",
    "S012 no multiplicity correction",
    "S012 27 canonical figures",
    "S012 38 tables",
    "S012 no pixel overclaim",
    "learning_output/analyses/v120_figure_template_smoke/01_effect_size_corrected_tests.png",
    "learning_output/analyses/v120_figure_template_smoke/02_domain_feasibility_replay.png",
    "learning_output/analyses/v120_figure_template_smoke/03_scalarized_objective_replay.png",
    "f-statistic-as-effect-size.json",
    "multiple-testing-without-correction.json",
    "sequential-pairwise-tournament-order-dependence.json",
    "mixed-variable-continuous-relaxation.json",
    "domain-registry-paper-code-bound-drift.json",
    "scalarized-objective-table-replay-failure.json",
    "2024-C all four reviewed",
    "2024-C no pending",
    "S012 included all Q",
    "S012 remains train registry",
    "S012 all pages reviewed",
    "S012 links review/code/figure",
    "S013 not reviewed by v1.20",
    "S014 not reviewed by v1.20",
    "S015 not reviewed by v1.20",
    "S016 not reviewed by v1.20",
    "S021 not reviewed by v1.20",
    "S022 not reviewed by v1.20",
    "S023 not reviewed by v1.20",
    "S024 not reviewed by v1.20",
    "S037 not reviewed by v1.20",
    "S038 not reviewed by v1.20",
    "S012 audit reference",
    "v1.20 gates in skill",
    "v1.20 selector gates",
    "S017 progressed or remains next",
    "dev S013-S016 held",
    "version >=1.20"
  ]
}

test_v121_regressions.py :: PASS
{
  "status": "PASS",
  "scope": "v1.21 S017 traffic time/unit/intervention audit",
  "passed": 57,
  "tests": [
    "S017 full review",
    "S017 84 pages",
    "S017 train split",
    "S017 Q1-Q4",
    "S017 temporal leakage identified",
    "S017 relative density calibration risk",
    "S017 Greenberg parameter mismatch",
    "S017 prediction plot alignment risk",
    "S017 LSTM implementation not visible",
    "S017 selected positive validation risk",
    "S017 association intervention risk",
    "S017 multipliers as assumptions",
    "S017 Q4 dimensional risk",
    "S017 static-only run honest",
    "S017 visible CV code",
    "S017 no visible LSTM code",
    "S017 hard path dependencies",
    "S017 paper/code Greenberg mismatch smoke",
    "S017 density unit not verified",
    "S017 window split leakage smoke",
    "S017 plot alignment smoke",
    "S017 selected event validation smoke",
    "S017 multiplier not treatment estimate",
    "S017 LSTM visibility false",
    "S017 48 figure ids",
    "S017 6 table ids",
    "S017 no pixel overclaim",
    "learning_output/analyses/v121_figure_template_smoke/01_temporal_window_split.png",
    "learning_output/analyses/v121_figure_template_smoke/02_proxy_physical_calibration.png",
    "learning_output/analyses/v121_figure_template_smoke/03_intervention_evidence_ladder.png",
    "proxy-to-physical-calibration-mismatch.json",
    "selected-positive-examples-validation.json",
    "association-to-intervention-overclaim.json",
    "dimensionally-inconsistent-state-update.json",
    "assumed-treatment-multiplier-as-evidence.json",
    "2024-E map four papers",
    "2024-E S017 remains reviewed",
    "2024-E S020 remains train",
    "S017 registry train",
    "S017 all pages reviewed",
    "S017 asset links",
    "S013 remains unread at v1.21",
    "S014 remains unread at v1.21",
    "S015 remains unread at v1.21",
    "S016 remains unread at v1.21",
    "S021 remains unread at v1.21",
    "S022 remains unread at v1.21",
    "S023 remains unread at v1.21",
    "S024 remains unread at v1.21",
    "S037 remains unread at v1.21",
    "S038 remains unread at v1.21",
    "2024-E retrieval map registered",
    "v1.21 gates in skill",
    "v1.21 selector gates",
    "learning state has advanced beyond v1.21",
    "S017 history preserved",
    "version >=1.21"
  ]
}

test_v122_regressions.py :: PASS
risk",
    "S018 single timestep risk",
    "S018 undefined attention W",
    "S018 metric algebra risk",
    "S018 warning code drift",
    "S018 threshold boolean drift",
    "S018 threshold timebase risk",
    "S018 transportability risk",
    "S018 metric semantic risk",
    "S018 speed percent replay risk",
    "S018 q4 variable mismatch",
    "S018 q4 normalization weights missing",
    "S018 surrogate validation risk",
    "S018 static replay honest",
    "S018 Q1 visible fragments",
    "S018 Q2 appendix mismatch",
    "S018 Q3 no complete executable",
    "S018 Q4 no Kriging GA code",
    "S018 smoke 25 vs33",
    "S018 smoke 10x real time",
    "S018 smoke warning drift",
    "S018 smoke metric point3 valid",
    "S018 smoke metric point4 invalid",
    "S018 smoke percentage replay",
    "S018 smoke sequence length1",
    "S018 smoke appendix mismatch",
    "S018 smoke decision variable mismatch",
    "S018 smoke Eq47 semantics",
    "S018 smoke q4 scalarization not replayable",
    "S018 53 figures",
    "S018 10 tables",
    "S018 no pixel overclaim",
    "learning_output/analyses/v122_figure_template_smoke/01_metric_algebra_replay.png",
    "learning_output/analyses/v122_figure_template_smoke/02_percentage_change_replay.png",
    "learning_output/analyses/v122_figure_template_smoke/03_appendix_evidence_coverage.png",
    "frame-aggregation-paper-code-mismatch.json",
    "temporal-count-spatial-density-confusion.json",
    "threshold-boolean-policy-drift.json",
    "percentage-change-denominator-error.json",
    "appendix-section-method-mismatch.json",
    "optimization-variable-task-mismatch.json",
    "sensor-placement-benefit-mediation-gap.json",
    "accelerated-video-timebase-unit-drift.json",
    "metric-formula-variable-semantic-mismatch.json",
    "cross-site-counterfactual-transportability-gap.json",
    "surrogate-optimizer-without-surrogate-validation.json",
    "2024-E S017 S018 reviewed",
    "2024-E S017 S018 preserved",
    "S018 registry reviewed",
    "S018 asset links",
    "S013 protected unread",
    "S014 protected unread",
    "S015 protected unread",
    "S016 protected unread",
    "S021 protected unread",
    "S022 protected unread",
    "S023 protected unread",
    "S024 protected unread",
    "S037 protected unread",
    "S038 protected unread",
    "S020 stays train",
    "S018 audit reference",
    "v1.22 gates in skill",
    "v1.22 selector gates",
    "learning state advanced past S018",
    "version >=1.22"
  ]
}

test_v123_regressions.py :: PASS
{
  "status": "PASS",
  "scope": "v1.23 S019 algebra/regression/control/intervention/layout audit",
  "passed": 64,
  "tests": [
    "S019 full review",
    "S019 60 pages",
    "S019 train split",
    "S019 Q1-Q4",
    "S019 algebra inverse risk",
    "S019 unit contract risk",
    "S019 regression row replay risk",
    "S019 threshold result drift",
    "S019 temporal split risk",
    "S019 importance causal boundary",
    "S019 density unit drift",
    "S019 hysteresis route",
    "S019 qmax calibration risk",
    "S019 30pct scenario risk",
    "S019 sign reversal risk",
    "S019 heuristic placement risk",
    "S019 appendix list only",
    "S019 appendix 16 artifacts",
    "S019 no source split audit",
    "S019 no placement optimization code",
    "S019 smoke traffic unit mismatch",
    "S019 smoke algebra inverse",
    "S019 smoke regression mismatch",
    "S019 smoke threshold drift",
    "S019 smoke qmax mismatch",
    "S019 smoke 48.3 replay valid",
    "S019 smoke inventory sign mismatch",
    "S019 smoke scenario only",
    "S019 smoke policy weights unvalidated",
    "S019 smoke sensor dependency break",
    "S019 smoke appendix unavailable",
    "S019 smoke split provenance incomplete",
    "S019 52 figures",
    "S019 11 tables",
    "S019 no pixel overclaim",
    "learning_output/analyses/v123_figure_template_smoke/01_equation_algebra_replay.png",
    "learning_output/analyses/v123_figure_template_smoke/02_regression_row_replay.png",
    "learning_output/analyses/v123_figure_template_smoke/03_intervention_evidence_level.png",
    "derived-equation-algebra-mismatch.json",
    "regression-equation-scale-impossibility.json",
    "cross-table-timestamp-drift.json",
    "assumed-capacity-multiplier-as-intervention-evidence.json",
    "heuristic-sensor-relocation-without-optimization.json",
    "2024-E S017-S019 preserved",
    "2024-E map still contains S020",
    "cross has S019 Q1",
    "S019 registry reviewed",
    "S019 asset links",
    "S013 protected unread",
    "S014 protected unread",
    "S015 protected unread",
    "S016 protected unread",
    "S021 protected unread",
    "S022 protected unread",
    "S023 protected unread",
    "S024 protected unread",
    "S037 protected unread",
    "S038 protected unread",
    "S020 remains train",
    "S019 audit reference",
    "v1.23 gates in skill",
    "v1.23 selector gates",
    "S019 history preserved",
    "version >=1.23"
  ]
}

test_v124_regressions.py :: PASS
{
  "status": "PASS",
  "scope": "v1.24 S020 target leakage / counterfactual / worst-group / layout audit",
  "passed": 52,
  "tests": [
    "S020 full review",
    "S020 78 pages",
    "S020 train split",
    "S020 Q1-Q4",
    "target leakage risk",
    "global scaler leakage risk",
    "T1 risk",
    "SKNet drift",
    "worst group negative R2",
    "shockwave time sign",
    "Greenshields replay",
    "79.72 claim replay",
    "utilization claim replay",
    "layout heuristic boundary",
    "printed appendix boundary",
    "Q2 no state machine",
    "Q3 no sim code",
    "Q4 no optimizer code",
    "S020 curated 43 figures",
    "S020 28 table labels",
    "S020 no pixel overclaim",
    "learning_output/analyses/v124_figure_template_smoke/01_leakage_contract.png",
    "learning_output/analyses/v124_figure_template_smoke/02_greenshields_replay.png",
    "learning_output/analyses/v124_figure_template_smoke/03_claim_recalculation.png",
    "target-feature-identity-leakage.json",
    "single-timestep-sequence-model.json",
    "architecture-name-implementation-drift.json",
    "worst-group-metric-ignored.json",
    "model-state-counterfactual-inconsistency.json",
    "cross-domain-template-contamination.json",
    "heuristic-layout-presented-as-optimization.json",
    "2024E all four reviewed",
    "2024E none pending",
    "2024E final route",
    "S020 registry reviewed",
    "S013 protected unread",
    "S014 protected unread",
    "S015 protected unread",
    "S016 protected unread",
    "S021 protected unread",
    "S022 protected unread",
    "S023 protected unread",
    "S024 protected unread",
    "S037 protected unread",
    "S038 protected unread",
    "45 paper inventory",
    "32/7/6 split",
    "S020 audit reference",
    "v1.24 gates in skill",
    "v1.24 selector gates",
    "S025 next",
    "version >=1.24"
  ]
}

test_v125_regressions.py :: PASS
{
  "status": "PASS",
  "scope": "v1.25 MathModel-Core protocol + S025 first full-schema case",
  "passed": 58,
  "tests": [
    "MathModel-Core identity",
    "no role split current",
    "schema mathmodel_core_question_schema_v1.json",
    "schema reproduction_levels_v1.json",
    "schema result_registry_schema_v1.json",
    "schema method_composer_contract_v1.json",
    "schema figure_decision_rule_schema_v1.json",
    "S025 core identity",
    "S025 schema 1.0",
    "S025 R2",
    "visual separate",
    "independent unit graph",
    "not fake train test",
    "Q1 competition roles",
    "Q1 baseline nonempty",
    "Q1 alternatives",
    "Q2 competition roles",
    "Q2 baseline nonempty",
    "Q2 alternatives",
    "Q3 competition roles",
    "Q3 baseline nonempty",
    "Q3 alternatives",
    "Q1 no auto deep RL",
    "Q3 epsilon baseline",
    "S025 result ref",
    "S025 module ref",
    "result registry schema",
    "Q3 feasible 4/6",
    "hard-cap bad cases",
    "only Matmul0 time improves",
    "registry validator ran",
    "known sign mismatch caught",
    "transfer modules >=4",
    "composition 7 gates resolved",
    "S025 retained in figure-rule basis",
    "figure rules fields",
    "legacy coverage keeps at least v125 cards",
    "S025 current schema",
    "legacy not auto rewritten",
    "S025 reviewed all pages",
    "S025 R2 registry",
    "45 papers",
    "32/7/6",
    "S021 protected unread",
    "S022 protected unread",
    "S023 protected unread",
    "S024 protected unread",
    "S030 protected unread",
    "S031 protected unread",
    "S037 protected unread",
    "S038 protected unread",
    "S029 documented Dev exposure",
    "no role dir mathmodel-master",
    "no role dir mathmodel-architect",
    "no role dir mathmodel-engineer",
    "no role dir mathmodel-writer",
    "no role dir mathmodel-reviewer",
    "version >=1.25"
  ]
}

test_v126_regressions.py :: FAIL
Traceback (most recent call last):
  File "/mnt/data/mathmodel_v130_build/Graduate-MathModel-Learning-Skill-v1.30-work/.agents/skills/graduate-mathmodel-learning/scripts/test_v126_regressions.py", line 86, in <module>
    ok('mini transfer protocol preserved','Mini Transfer Test' in (R/'learning_output/context/next_learning.md').read_text(encoding='utf-8'))
    ~~^^^^^^^^^^^^^^^^^^^^^^^^^^^^^^^^^^^^^^^^^^^^^^^^^^^^^^^^^^^^^^^^^^^^^^^^^^^^^^^^^^^^^^^^^^^^^^^^^^^^^^^^^^^^^^^^^^^^^^^^^^^^^^^^^^^^^^^
  File "/mnt/data/mathmodel_v130_build/Graduate-MathModel-Learning-Skill-v1.30-work/.agents/skills/graduate-mathmodel-learning/scripts/test_v126_regressions.py", line 8, in ok
    assert cond,name; checks.append(name)
           ^^^^
AssertionError: mini transfer protocol preserved

test_v127_regressions.py :: PASS
",
    "Q2 competition roles",
    "Q2 six hour baseline",
    "Q2 alternatives",
    "Q3 competition roles",
    "Q3 six hour baseline",
    "Q3 alternatives",
    "Q1 Kahn baseline",
    "Q2 lifetime baseline",
    "Q3 epsilon baseline",
    "code finding Q1_CORE_HELPERS_MISSING",
    "code finding Q1_AVERAGE_SEMANTICS_DRIFT",
    "code finding Q2_ALLOCATOR_NAME_DRIFT",
    "code finding Q2_SPILL_DIRECTION_DRIFT",
    "code finding Q2_MAIN_MISSING",
    "code finding Q2_RESULT_AGGREGATION_PROVENANCE",
    "code finding Q3_CAP_PARAMETER_DRIFT",
    "code finding Q3_BASELINE_SOURCE_DRIFT",
    "code finding Q3_OPTIMIZER_CORE_MISSING",
    "code finding Q3_SIGN_CONVENTION_DRIFT",
    "code finding Q3_MULTI_SEQUENCE_LABEL_EVIDENCE_GAP",
    "R3 blockers",
    "Q1 aggregate matches 89.2",
    "Q1 macro is not 89.2",
    "Q1 S027 between S025 S026 Conv0",
    "Q2 six workload rows",
    "Q2 aggregation unresolved",
    "Q2 total traffic 206832",
    "Q2 mean traffic 34472",
    "Q3 cycle replay",
    "Q3 traffic replay",
    "Q3 15pct feasible",
    "Q3 10pct violation",
    "Q3 sign drift caught",
    "Q3 Conv0 baseline drift",
    "registry validator",
    "transferable modules >=5",
    "composer retains 2025A contract",
    "composer compatibility 7 dimensions",
    "composer blocks S027 spill",
    "map preserves S025-S027",
    "S028 legal map transition",
    "map status progresses",
    "S027 Q1 map present",
    "S027 Q2 map present",
    "S027 Q3 map present",
    "figure basis preserves S025-S027",
    "macro vs aggregate figure rule",
    "exact gap figure rule",
    "error aggregate-vs-case-average-semantic-drift.json",
    "error allocator-name-bestfit-firstfit-drift.json",
    "error spill-victim-direction-paper-code-drift.json",
    "error optimizer-core-helper-missing.json",
    "error hard-cap-parameter-cross-section-drift.json",
    "error baseline-result-source-drift.json",
    "error reported-improvement-sign-convention-drift.json",
    "error multi-instance-coordination-label-with-single-instance-code.json",
    "45 papers",
    "32 7 6 split",
    "S027 all pages reviewed",
    "S027 R2 registry",
    "S028 remains train",
    "S029 dev protected",
    "S030 dev protected",
    "S031 dev protected",
    "S021 test protected",
    "S022 test protected",
    "S023 test protected",
    "S024 test protected",
    "S037 test protected",
    "S038 test protected",
    "state preserves S027-or-later",
    "next-learning protocol retained"
  ]
}

test_v128_regressions.py :: PASS
,
    "code finding Q3_BASELINE_SOURCE_DRIFT",
    "code finding Q3_LEXICOGRAPHIC_SELECTION_DRIFT",
    "code finding Q3_FA0_TIME_SCALE_DRIFT",
    "code finding Q3_GP_TREE_RECONSTRUCTION_IGNORES_SOLUTION",
    "code finding Q3_RANDOM_PERMUTATION_FEASIBILITY_GAP",
    "R3 blockers >=3",
    "Q1 final equals EarlyFree",
    "Q1 consistency pass",
    "Q2 six rows",
    "Q2 FA1 visible min 54720",
    "Q2 FA1 final 33792",
    "Q2 FA1 provenance unresolved",
    "Q2 objective semantic drift",
    "Q3 cap unresolved",
    "Q3 Conv0 q2 final 230496",
    "Q3 Conv0 table21 242072",
    "Q3 Conv0 replay 10.4496",
    "Q3 paper reported 14.73",
    "Q3 FA0 expected MOPSO",
    "Q3 FA0 inferred NSGA",
    "Q3 FA0 mismatch",
    "Q3 FA0 table20 time 201731",
    "Q3 FA0 table21 time 2017",
    "map final status",
    "four reviewed",
    "no pending",
    "final routes present",
    "Q1 final competition",
    "Q2 final competition",
    "Q3 final competition",
    "mini transfer linked",
    "composer final",
    "composer 7 compatibility",
    "composer mini done",
    "composer blocks provenance",
    "figure rules final",
    "figure basis four",
    "figure rules >=6",
    "pareto hard cap figure",
    "result registry figure",
    "mini no dev solution exposure",
    "mini overall pass after revision",
    "Q1 enumerated 15400",
    "Q1 exact 7",
    "Q1 old 13",
    "Q1 revised 7",
    "Q1 old worse",
    "Q1 revised exact",
    "Q2 naive 16",
    "Q2 exact 12",
    "Q2 exact victim A",
    "Q3 selects A",
    "Q3 rejects B",
    "mini does not raise S028 R7",
    "45 papers",
    "32 7 6 split",
    "S028 registry R2",
    "S028 all 77 reviewed",
    "S029 Dev protected",
    "S030 Dev protected",
    "S031 Dev protected",
    "all test unread",
    "state v128-or-later",
    "S028 historical review preserved",
    "S028 historical R2 preserved",
    "next-stage protocol retained",
    "test remains frozen",
    "error heap-priority-sign-direction-drift.json",
    "error asymptotic-complexity-concrete-O-misuse.json",
    "error result-provenance-row-not-in-source-table.json",
    "error objective-semantic-drift-across-section.json",
    "error pareto-operating-point-rule-drift.json",
    "error baseline-source-mixed-across-final-table.json",
    "error table-scale-two-orders-drift.json",
    "error loaded-solution-replaced-by-random-state.json",
    "Core identity in review",
    "final map mini no pending",
    "reproduction visual separate explicit"
  ]
}
